http_interactions:
- request:
    method: POST
    uri: https://api.test.osf.io/v2/nodes/
    body:
      string: '{"data":{"type":"nodes","attributes":{"title":"osfr-test-files-1","category":"project","description":"","public":false}}}'
  response:
    status: 201
    headers:
      status: 'HTTP/2 201 '
      server: nginx
      date: Thu, 19 Feb 2026 02:55:45 GMT
      content-type: application/vnd.api+json; charset=utf-8
      content-length: '4360'
      vary: Accept, Cookie, origin
      allow: GET, POST, PUT, PATCH, DELETE, HEAD, OPTIONS
      x-content-type-options: nosniff
      referrer-policy: same-origin
      cross-origin-opener-policy: same-origin
      x-frame-options: DENY
      cache-control: no-cache, no-store, max-age=0, must-revalidate
      expires: '-1'
      pragma: no-cache
      via: 1.1 google
      alt-svc: h3=":443"; ma=2592000,h3-29=":443"; ma=2592000
    body:
      raw_gzip: |-
        eJy1mNtu2zgQht9lgN7Jlutdd7ECFgsUfYTeFQVBUyN7GopUh6MEQeB3L0jJSmw5CdzSd7bM
        +f45cIa
        in6DWoqF6Aqqhgvsf2O+hAHnsECpwvsYABWgRpm0vGOJKIbHxVx8aXggGWTRkMSw+
        QgE1BsPUCXkHFU
        ABRgvuPD9CBR37H2gkPuyD+FYZEj2sdL21RXQFlWHUgtGZ9Wr9abFaLz7+
        +3W1rjab6u/Ncr3+659PK
        xjXtr6mht5fzLijIDyKNdoGLKBj7JicTA8az3fTF+OtRXNiIHoX
        oPr2vQBtDIagGH/2GCQodHproxvC
        PRYpbcqSQRfwGJvpmdGJ6gOyMtop49sWo/pgc/J7h9xS
        CORdFARdt+SggAcmwRSOruH7mQ0FZbwb6uT
        5IvZ0ifKsduz7TrXYbnEyeaA7Oo+o67eWzJSJ
        0G9jJVM2DtEfm1Ib9tSlHWL2ZGtGFz9bcnfpYVoVkU
        +wZ2yggr1IF6qy1B0t4z5a+tAsyZf3
        6zLtvDJtx/JIK6GAFtNuPRwOh6lGWCvKJTVVPVxQSwULuZQGW
        vl/Q1aQP2w+i+YdyofNl/+O
        bXimP5Uumw/PxFm4W9pa8jvW3Z6Myi/+On/mCrWdJUNyAy8uomcOpPmW
        RzChZgIBRcjtMmkc
        aacyxbujfjEaQlwcx0AmfxJqnlTPd5kEEmomMI5hl0vlmTeTik+xVttHNRyZWfT
        OoG+Ivjzf
        soufwOe9WaOTeAhn68hn4ExMNw1Z0sPED0LSZ4z4JfFEObanba4HnhyLr+NTZ7Ju5BZlvA
        Ce
        id9A9n1B/wcn9mAfyv7tCdeH5/E2mkCS917yhHnlfB3krc815yPptamQfw7Nh1CexngV/yKa
        G2zR
        S+TbRfd2Q9wTPijv7GPO4+oMOn+fnW5fOdSOtGt6YvIgLjxexzJFP+Hm71riWe8wj8wI
        u/5Na3QiFQJ
        rzSqaRzPFaDzXmdJwmT3PyXihU/Fm20m8+/2+/hF2pjJ2c+LtpbUvICeA42Qd
        uu+KUUxMbzFTrkd/4B
        45DP9RrJcrOBx+AUS8BBk=
  recorded_at: 2026-02-19 02:55:45
- request:
    method: POST
    uri: https://api.test.osf.io/v2/nodes/
    body:
      string: '{"data":{"type":"nodes","attributes":{"title":"osfr-test-files-2","category":"project","description":"","public":false}}}'
  response:
    status: 201
    headers:
      status: 'HTTP/2 201 '
      server: nginx
      date: Thu, 19 Feb 2026 02:55:47 GMT
      content-type: application/vnd.api+json; charset=utf-8
      content-length: '4360'
      vary: Accept, Cookie, origin
      allow: GET, POST, PUT, PATCH, DELETE, HEAD, OPTIONS
      x-content-type-options: nosniff
      referrer-policy: same-origin
      cross-origin-opener-policy: same-origin
      x-frame-options: DENY
      cache-control: no-cache, no-store, max-age=0, must-revalidate
      expires: '-1'
      pragma: no-cache
      via: 1.1 google
      alt-svc: h3=":443"; ma=2592000,h3-29=":443"; ma=2592000
    body:
      raw_gzip: |-
        eJy1mNtu2zgQht9lgN7Jlms0KSpgscBiH2HvFgVBUyN7NhSpHY6SBoHfvSAlK7blJHBL39ky
        5/vnwBm
        KfoFai4bqBaiGCtqv3bcfUIA8dwgVOF9jgAK0CNOmFwxxpZDY+KsPDS8EgywashgW
        ayigxmCYOiHvoA
        IowGjBrednqKBj/x8aiQ/7IL5VhkQPK11vbRFdQWUYtWB0Zr1a3y9W68Xn
        b/+s1tXdXfXlfrn+8vV+9
        RnGta2vqaGPFzNuKQiPYo22AQvoGDsmJ9ODxvPD9MV4a9GcGIje
        Bqj+/V6ANgZDUIz/9xgkKHR6Y6Mb
        wj0WKW3KkkEX8BCb6ZnRieoDsjLaKePbFqP6YHPye4fc
        UgjkXRQEXbfkoIAnJsEUjq7h+5kNBWW8G+r
        k+SL2dInyrLbs+0612G5wMnmiBzqPqOs3lsyU
        idBvYiVTNvbRH5tSG3bUpR1idmRrRhc/W3IP6WFaFZ
        EvsGNsoIKdSBeqstQdLeM+WvrQLMmX
        j+sy7bwybcfyQCuhgBbTbt3v9/upRlgryiU1VT1cUEsFC7mUB
        lr5Z0NWkD/d/SWatyif7v7+
        49CGZ/pT6bL58EqchbuhjSW/Zd3tyKj84m/zZ65Q21kyJDfw4iJ65kCa
        b3kEE2omEFCE3DaT
        xoF2KlN8OOoXoyHExXEMZPInoeZJ9fyQSSChZgLjGHa5VF55M6n4FGu1eVbDkZl
        F7wz6jujx
        +ZZd/AQ+780ancRDOFtHvgJnYrppyJIeJn4Qkj5jxMfEE+XYnra5HnhyLL6NT53JupFblP
        EC
        eCZ+A9mPBf1vnNiDfSj79ydcH17H22gCSd57yRPmlfN1kLc+15yPpLemQv45NB9CeRrjTfxR
        NDfY
        opfIt4vu/YZ4JHxS3tnnnMfVGXT+PjvdvnKoHWjX9MTkQVx4uI5lin7Czd+1xLPeYh6Z
        EXb9m9boRCo
        E1ppVNI9mitF4rjOl4TJ7npPxQqfizbaTePf7df0D7Exl7ObE20lrjyDHgGmy
        Dt13xSgmpveYKdejP/
        CIHIb/KNbLFez3PwEu4vY/
  recorded_at: 2026-02-19 02:55:47
- request:
    method: GET
    uri: https://api.test.osf.io/v2/nodes/vjeuh/files/osfstorage/?filter%5Bkind%5D=folder&filter%5Bname%5D=d1&page=1
  response:
    status: 200
    headers:
      allow: GET, HEAD, OPTIONS
      alt-svc: h3=":443"; ma=2592000,h3-29=":443"; ma=2592000
      cache-control: no-cache, no-store, max-age=0, must-revalidate
      content-length: '128'
      content-type: application/vnd.api+json; charset=utf-8
      cross-origin-opener-policy: same-origin
      date: Thu, 19 Feb 2026 02:55:47 GMT
      expires: '-1'
      pragma: no-cache
      referrer-policy: same-origin
      server: nginx
      status: 'HTTP/2 200 '
      vary:
      - Accept-Encoding
      - Accept, Cookie, origin
      via: 1.1 google
      x-content-type-options: nosniff
      x-frame-options: DENY
    body:
      raw_gzip: |-
        eJxFjEEKgCAUBe/y1hHW8l8lIj70C8ks1CQQ754tyt0wDJMwc2DQMDYw2m4elLBo5wPIXsYU
        y5VPJ/F
        jK/fvd3kfCeEIbECqlOKmk1cBdSrnWkRxXh8WhL5VyPkB01MqVg==
  recorded_at: 2026-02-19 02:55:47
- request:
    method: PUT
    uri: https://files.us.test.osf.io/v1/resources/vjeuh/providers/osfstorage/?kind=folder&name=d1
  response:
    status: 201
    headers:
      status: 'HTTP/2 201 '
      server: nginx
      date: Thu, 19 Feb 2026 02:55:48 GMT
      content-type: application/json; charset=UTF-8
      content-length: '817'
      x-waterbutler-request-id: 09048260-b0a2-4503-bb5b-6caed84926f6
      cache-control: no-cache, no-store, max-age=0, must-revalidate
      expires: '-1'
      pragma: no-cache
      via: 1.1 google
      alt-svc: h3=":443"; ma=2592000,h3-29=":443"; ma=2592000
    body:
      string: '{"data": {"id": "osfstorage/69967bb4d957f4745b0caad6/", "type": "files",
        "attributes": {"extra": {}, "kind": "folder", "name": "d1", "path": "/69967bb4d957f4745b0caad6/",
        "provider": "osfstorage", "materialized": "/d1/", "etag": "5caf8ab73c068565297e455ebce37fd64b6897a2284ec9d7ecba8b6093082bcd",
        "resource": "vjeuh", "size": null, "sizeInt": null}, "links": {"move": "https://files.us.test.osf.io/v1/resources/vjeuh/providers/osfstorage/69967bb4d957f4745b0caad6/",
        "upload": "https://files.us.test.osf.io/v1/resources/vjeuh/providers/osfstorage/69967bb4d957f4745b0caad6/?kind=file",
        "delete": "https://files.us.test.osf.io/v1/resources/vjeuh/providers/osfstorage/69967bb4d957f4745b0caad6/",
        "new_folder": "https://files.us.test.osf.io/v1/resources/vjeuh/providers/osfstorage/69967bb4d957f4745b0caad6/?kind=folder"}}}'
  recorded_at: 2026-02-19 02:55:48
- request:
    method: GET
    uri: https://api.test.osf.io/v2/files/69967bb4d957f4745b0caad6/
  response:
    status: 200
    headers:
      allow: GET, PUT, PATCH, HEAD, OPTIONS
      alt-svc: h3=":443"; ma=2592000,h3-29=":443"; ma=2592000
      cache-control: no-cache, no-store, max-age=0, must-revalidate
      content-encoding: gzip
      content-type: application/vnd.api+json; charset=utf-8
      cross-origin-opener-policy: same-origin
      date: Thu, 19 Feb 2026 02:55:48 GMT
      expires: '-1'
      pragma: no-cache
      referrer-policy: same-origin
      server: nginx
      status: 'HTTP/2 200 '
      vary:
      - Accept-Encoding
      - Accept, Cookie, origin
      via: 1.1 google
      x-content-type-options: nosniff
      x-frame-options: DENY
    body:
      raw_gzip: |-
        eJy9Ve1u2zAMfBf+FuI4n4iBYQ8yDAZj0bEWWTIkytka+N0HKXWcpl0xrFn/WSKPdyLP0hkk
        MkJxBiW
        hgM1ut9nu9yu5W2/r1Xa13s8rRLkBAfyrIyigVpo8CEBmp/aByUfwIUS4CVoLqBqq
        jjbwuDbYRqDMQc
        BRmUhTWy3JgYAOuYECsj/xZiDAqycaa3XO9ipCC7C+9mwdHggEtMjkFGr1
        RLIci8o8wjV6LtmGqqGrR
        IlMZWulqtXdZuUIedqjn+xSdxr0zeWorVyPUd/gYr25rIZBAOPB
        Q/Htu4AqOEeGy+DJlRWasrJtS4ah
        YBdoivfkvLIGijxWs6cSfRlMr+gUNdSoPQ0CHGlkZY1v
        VJc0dJjQz20szqCVOaZISo3YMzSOaiigYe5
        8kWXYqRmT55n19UzZrF9kaZZj7/PlAhElrZfL
        fL7MF7vYvJaSOYZ4ureM8gp0b5QIvHz9s0pjJfms/0
        GheVY8jf5d40ziBwGxymM0vNeWlDH1
        IMHgYg13IH60gHueGzkvIuJWXcyqSKIrY5WYXzqqrJP+QU56P
        Yy36e5mNIiJXJnafogxlrY9
        3dRIgFnwLwvlmSNvg6uu3R2vmL+2Wei0RfkZTJI08aecydDperv8Z7av
        8U34cn0RPOmPeS35
        e/w/rvcrLGZzGIbfjc1TWA==
  recorded_at: 2026-02-19 02:55:48
- request:
    method: GET
    uri: https://api.test.osf.io/v2/nodes/m7p9x/files/osfstorage/?filter%5Bkind%5D=folder&filter%5Bname%5D=d3&page=1
  response:
    status: 200
    headers:
      allow: GET, HEAD, OPTIONS
      alt-svc: h3=":443"; ma=2592000,h3-29=":443"; ma=2592000
      cache-control: no-cache, no-store, max-age=0, must-revalidate
      content-length: '128'
      content-type: application/vnd.api+json; charset=utf-8
      cross-origin-opener-policy: same-origin
      date: Thu, 19 Feb 2026 02:55:49 GMT
      expires: '-1'
      pragma: no-cache
      referrer-policy: same-origin
      server: nginx
      status: 'HTTP/2 200 '
      vary:
      - Accept-Encoding
      - Accept, Cookie, origin
      via: 1.1 google
      x-content-type-options: nosniff
      x-frame-options: DENY
    body:
      raw_gzip: |-
        eJxFjEEKgCAUBe/y1hHW8l8lIj70C8ks1CQQ754tyt0wDJMwc2DQMDYw2m4elLBo5wPIXsYU
        y5VPJ/F
        jK/fvd3kfCeEIbECqlOKmk1cBdSrnWkRxXh8WhL5VyPkB01MqVg==
  recorded_at: 2026-02-19 02:55:49
- request:
    method: PUT
    uri: https://files.us.test.osf.io/v1/resources/m7p9x/providers/osfstorage/?kind=folder&name=d3
  response:
    status: 201
    headers:
      status: 'HTTP/2 201 '
      server: nginx
      date: Thu, 19 Feb 2026 02:55:50 GMT
      content-type: application/json; charset=UTF-8
      content-length: '817'
      x-waterbutler-request-id: 8cc8294d-84e2-4e7e-b77c-9d5ae1997f8c
      cache-control: no-cache, no-store, max-age=0, must-revalidate
      expires: '-1'
      pragma: no-cache
      via: 1.1 google
      alt-svc: h3=":443"; ma=2592000,h3-29=":443"; ma=2592000
    body:
      string: '{"data": {"id": "osfstorage/69967bb6d957f4745b0caad7/", "type": "files",
        "attributes": {"extra": {}, "kind": "folder", "name": "d3", "path": "/69967bb6d957f4745b0caad7/",
        "provider": "osfstorage", "materialized": "/d3/", "etag": "5caf8ab73c068565297e455ebce37fd64b6897a2284ec9d7ecba8b6093082bcd",
        "resource": "m7p9x", "size": null, "sizeInt": null}, "links": {"move": "https://files.us.test.osf.io/v1/resources/m7p9x/providers/osfstorage/69967bb6d957f4745b0caad7/",
        "upload": "https://files.us.test.osf.io/v1/resources/m7p9x/providers/osfstorage/69967bb6d957f4745b0caad7/?kind=file",
        "delete": "https://files.us.test.osf.io/v1/resources/m7p9x/providers/osfstorage/69967bb6d957f4745b0caad7/",
        "new_folder": "https://files.us.test.osf.io/v1/resources/m7p9x/providers/osfstorage/69967bb6d957f4745b0caad7/?kind=folder"}}}'
  recorded_at: 2026-02-19 02:55:50
- request:
    method: GET
    uri: https://api.test.osf.io/v2/files/69967bb6d957f4745b0caad7/
  response:
    status: 200
    headers:
      allow: GET, PUT, PATCH, HEAD, OPTIONS
      alt-svc: h3=":443"; ma=2592000,h3-29=":443"; ma=2592000
      cache-control: no-cache, no-store, max-age=0, must-revalidate
      content-encoding: gzip
      content-type: application/vnd.api+json; charset=utf-8
      cross-origin-opener-policy: same-origin
      date: Thu, 19 Feb 2026 02:55:50 GMT
      expires: '-1'
      pragma: no-cache
      referrer-policy: same-origin
      server: nginx
      status: 'HTTP/2 200 '
      vary:
      - Accept-Encoding
      - Accept, Cookie, origin
      via: 1.1 google
      x-content-type-options: nosniff
      x-frame-options: DENY
    body:
      raw_gzip: |-
        eJy9VdFu4jAQ/Jd9tggkBUSk033I6RQt8YZYOHZkr6FXlH8/2TSE0l51amnfYu/Oznh3Yp9A
        IiOUJ1A
        SSlhtNqv1druSm+W6eVg/LLfzGlGuQQD/6QlKaJQmDwKQ2altYPIRvAsRboLWAuqW
        6r0NPK4NdhEoCx
        CwVybSNFZLciCgR26hhOxfvBkI8OqJxlq9swcVoSVY33i2DncEAjpkcgq1
        eiJZjUVlEeEaPVdsQ93SR
        aJEpqqzUjXqZrN2hDzt0SO71J0WfXs+aieXY9S3mC9X59UwCGDc
        eSh//RZQB+fIcBU8uapGU9W268gw
        lOwCTfEDOa+sgXIRq9ljhb4K5qDoGDU0qD0NAhxpZGWN
        b1WfNPSY0M9tLE+gldmnSEqN2BO0jhoooWX
        ufZll2KsZk+eZ9c1M2eyQZ2mWY+/zIkdEScui
        WMyLRS5j8zpK5hji6d4yyivQrVEi8Pz1YZXGSvJZt+
        43j8+Kp9G/a5xJ/CAgVrmPhvfakjKm
        HiQYnK3hdsT3FnDLcyXnRURcq4tZNUl0VawS8ytHtXXS38lJr
        4fxNt3NjAYxkSvT2E8xxtL2
        QFc1EmAW/MtCi8yRt8HVl+6OV8x/2yz02qL8DiZJmvhbzmToeLldvpjt
        Z3wTflxeBE/6c15L
        /h7/j8v9CvlsDsPwF0QkUI0=
  recorded_at: 2026-02-19 02:55:50
- request:
    method: GET
    uri: https://api.test.osf.io/v2/nodes/vjeuh/files/osfstorage/?filter%5Bkind%5D=file&page=1
  response:
    status: 200
    headers:
      allow: GET, HEAD, OPTIONS
      alt-svc: h3=":443"; ma=2592000,h3-29=":443"; ma=2592000
      cache-control: no-cache, no-store, max-age=0, must-revalidate
      content-length: '128'
      content-type: application/vnd.api+json; charset=utf-8
      cross-origin-opener-policy: same-origin
      date: Thu, 19 Feb 2026 02:55:50 GMT
      expires: '-1'
      pragma: no-cache
      referrer-policy: same-origin
      server: nginx
      status: 'HTTP/2 200 '
      vary:
      - Accept-Encoding
      - Accept, Cookie, origin
      via: 1.1 google
      x-content-type-options: nosniff
      x-frame-options: DENY
    body:
      raw_gzip: |-
        eJxFjEEKgCAUBe/y1hHW8l8lIj70C8ks1CQQ754tyt0wDJMwc2DQMDYw2m4elLBo5wPIXsYU
        y5VPJ/F
        jK/fvd3kfCeEIbECqlOKmk1cBdSrnWkRxXh8WhL5VyPkB01MqVg==
  recorded_at: 2026-02-19 02:55:50
- request:
    method: PUT
    uri: https://files.us.test.osf.io/v1/resources/vjeuh/providers/osfstorage/?kind=file&name=a.txt
    body:
      string: 'upload, file size: 2'
  response:
    status: 201
    headers:
      status: 'HTTP/2 201 '
      server: nginx
      date: Thu, 19 Feb 2026 02:55:53 GMT
      content-type: application/json; charset=UTF-8
      content-length: '1171'
      x-waterbutler-request-id: e51021d2-c743-4150-b7ed-6a168f308379
      cache-control: no-cache, no-store, max-age=0, must-revalidate
      expires: '-1'
      pragma: no-cache
      via: 1.1 google
      alt-svc: h3=":443"; ma=2592000,h3-29=":443"; ma=2592000
    body:
      string: '{"data": {"id": "osfstorage/69967bb9d957f4745b0caad9", "type": "files",
        "attributes": {"extra": {"guid": null, "version": 1, "downloads": 0, "checkout":
        null, "latestVersionSeen": null, "hashes": {"md5": "b026324c6904b2a9cb4b88d6d61c81d1",
        "sha256": "4355a46b19d348dc2f57c046f8ef63d4538ebb936000f3c9ee954a27460dd865"}},
        "kind": "file", "name": "a.txt", "path": "/69967bb9d957f4745b0caad9", "provider":
        "osfstorage", "materialized": "/a.txt", "etag": "c8913faa05837ccb8e34e8d3158d1c605501ba48ca668fcb87f1cc4f762c921f",
        "contentType": "application/octet-stream", "modified": "2026-02-19T02:55:53.420189+00:00",
        "modified_utc": "2026-02-19T02:55:53+00:00", "created_utc": null, "size":
        2, "sizeInt": 2, "resource": "vjeuh"}, "links": {"move": "https://files.us.test.osf.io/v1/resources/vjeuh/providers/osfstorage/69967bb9d957f4745b0caad9",
        "upload": "https://files.us.test.osf.io/v1/resources/vjeuh/providers/osfstorage/69967bb9d957f4745b0caad9?kind=file",
        "delete": "https://files.us.test.osf.io/v1/resources/vjeuh/providers/osfstorage/69967bb9d957f4745b0caad9",
        "download": "https://files.us.test.osf.io/v1/resources/vjeuh/providers/osfstorage/69967bb9d957f4745b0caad9"}}}'
  recorded_at: 2026-02-19 02:55:53
- request:
    method: GET
    uri: https://api.test.osf.io/v2/files/69967bb9d957f4745b0caad9/
  response:
    status: 200
    headers:
      allow: GET, PUT, PATCH, HEAD, OPTIONS
      alt-svc: h3=":443"; ma=2592000,h3-29=":443"; ma=2592000
      cache-control: no-cache, no-store, max-age=0, must-revalidate
      content-encoding: gzip
      content-type: application/vnd.api+json; charset=utf-8
      cross-origin-opener-policy: same-origin
      date: Thu, 19 Feb 2026 02:55:53 GMT
      expires: '-1'
      pragma: no-cache
      referrer-policy: same-origin
      server: nginx
      status: 'HTTP/2 200 '
      vary:
      - Accept-Encoding
      - Accept, Cookie, origin
      via: 1.1 google
      x-content-type-options: nosniff
      x-frame-options: DENY
    body:
      raw_gzip: |-
        eJy9Ve1umzAUfZcr5Z8XwHwELE3TpClPsF+bJmTsS/EKGNkm7Rrx7pNJadK0zaa168/E59xz
        7id7kNx
        xYHtQEhhkRZFtqqqQRbqpk02SVqHgXBZAwP0aEBjUqkULBLhzRlWjQ+vJV6On92Pb
        EhANims9uuV3zz
        tP5Gt364DAterlfRwgMHDXAIPggrBVdwiMEhiM3imJBhhoW1unDb/yMTru
        0CjeqjuU5RJwkWu5daXTo
        2jwwaHkDstOS1Ur/yfQkGYfQvohKr6GlKUpS+N1QsMo9/IzWBjk
        7g/Yb0AAb52Zq9lw2xxK08kUGFQh
        zWKaiKwIk4ryQlRJlecyk1kk8khGPs+G0zQDBkmcpjzJ
        qqiQcZJLQet0I8Ikq3Oss1gmaZxjVRVxFoZ
        hHYsCsUgTTjdJFkqZZylMBKS+6VvNpQUWTgQc
        v7LAvv8gIEZjsHflaNGUgvel0F2HvQPmzIjH9x0aq3
        QPLPLO9E3JbTn2O4U3vgw1by1OBAy2
        3Cnd20YNc7YDn9m1budG7aFV/fX8MkM9dw+NwRoYNM4NlgUBH
        9TaoXVrbeu10sGOBvOULUMR
        xZRzLjGN4yiMI1oEvuk4j+00TeTZEX5COh9hT7xP0r6R0SfTGywCjx1P
        BHot8d9VPdsGu584
        NhdrMSOOic+0OXHHzRW6tzZwrnNi59ELOXXnUQIlN6WP4vGlQaGN/H9deV7urEc
        TOYqrvtav
        UvSh9Q5PYsyE9WgfB4oCg1aPRjxUdzl6NjjevEvXchz82r+DkMQW3XtktJyyE6lTheX5Yv
        EN
        9ocPxxKhq8251QPm02jajzNqFX9e0e2Kbk9AK7pd9FZ0+5Kip8VbqQwKt6JZpyWu4i/3Hgg0
        rmtf
        SOZQocMw/V11LLavW4Z5AZcFfrj6QNchTNNvh6OlBQ==
  recorded_at: 2026-02-19 02:55:53
recorded_with: VCR-vcr/2.1.0
